Archive member included to satisfy reference by file (symbol)

/opt/st/stm32cubeide_1.13.2/plugins/com.st.stm32cube.ide.mcu.externaltools.gnu-tools-for-stm32.11.3.rel1.linux64_1.1.1.202309131626/tools/bin/../lib/gcc/arm-none-eabi/11.3.1/../../../../arm-none-eabi/lib/thumb/v7-m/nofp/libc_nano.a(libc_a-exit.o)
                              /opt/st/stm32cubeide_1.13.2/plugins/com.st.stm32cube.ide.mcu.externaltools.gnu-tools-for-stm32.11.3.rel1.linux64_1.1.1.202309131626/tools/bin/../lib/gcc/arm-none-eabi/11.3.1/../../../../arm-none-eabi/lib/thumb/v7-m/nofp/crt0.o (exit)
/opt/st/stm32cubeide_1.13.2/plugins/com.st.stm32cube.ide.mcu.externaltools.gnu-tools-for-stm32.11.3.rel1.linux64_1.1.1.202309131626/tools/bin/../lib/gcc/arm-none-eabi/11.3.1/../../../../arm-none-eabi/lib/thumb/v7-m/nofp/libc_nano.a(libc_a-findfp.o)
                              /opt/st/stm32cubeide_1.13.2/plugins/com.st.stm32cube.ide.mcu.externaltools.gnu-tools-for-stm32.11.3.rel1.linux64_1.1.1.202309131626/tools/bin/../lib/gcc/arm-none-eabi/11.3.1/../../../../arm-none-eabi/lib/thumb/v7-m/nofp/libc_nano.a(libc_a-exit.o) (__stdio_exit_handler)
/opt/st/stm32cubeide_1.13.2/plugins/com.st.stm32cube.ide.mcu.externaltools.gnu-tools-for-stm32.11.3.rel1.linux64_1.1.1.202309131626/tools/bin/../lib/gcc/arm-none-eabi/11.3.1/../../../../arm-none-eabi/lib/thumb/v7-m/nofp/libc_nano.a(libc_a-fwalk.o)
                              /opt/st/stm32cubeide_1.13.2/plugins/com.st.stm32cube.ide.mcu.externaltools.gnu-tools-for-stm32.11.3.rel1.linux64_1.1.1.202309131626/tools/bin/../lib/gcc/arm-none-eabi/11.3.1/../../../../arm-none-eabi/lib/thumb/v7-m/nofp/libc_nano.a(libc_a-findfp.o) (_fwalk_sglue)
/opt/st/stm32cubeide_1.13.2/plugins/com.st.stm32cube.ide.mcu.externaltools.gnu-tools-for-stm32.11.3.rel1.linux64_1.1.1.202309131626/tools/bin/../lib/gcc/arm-none-eabi/11.3.1/../../../../arm-none-eabi/lib/thumb/v7-m/nofp/libc_nano.a(libc_a-stdio.o)
                              /opt/st/stm32cubeide_1.13.2/plugins/com.st.stm32cube.ide.mcu.externaltools.gnu-tools-for-stm32.11.3.rel1.linux64_1.1.1.202309131626/tools/bin/../lib/gcc/arm-none-eabi/11.3.1/../../../../arm-none-eabi/lib/thumb/v7-m/nofp/libc_nano.a(libc_a-findfp.o) (__sread)
/opt/st/stm32cubeide_1.13.2/plugins/com.st.stm32cube.ide.mcu.externaltools.gnu-tools-for-stm32.11.3.rel1.linux64_1.1.1.202309131626/tools/bin/../lib/gcc/arm-none-eabi/11.3.1/../../../../arm-none-eabi/lib/thumb/v7-m/nofp/libc_nano.a(libc_a-memset.o)
                              /opt/st/stm32cubeide_1.13.2/plugins/com.st.stm32cube.ide.mcu.externaltools.gnu-tools-for-stm32.11.3.rel1.linux64_1.1.1.202309131626/tools/bin/../lib/gcc/arm-none-eabi/11.3.1/../../../../arm-none-eabi/lib/thumb/v7-m/nofp/crt0.o (memset)
/opt/st/stm32cubeide_1.13.2/plugins/com.st.stm32cube.ide.mcu.externaltools.gnu-tools-for-stm32.11.3.rel1.linux64_1.1.1.202309131626/tools/bin/../lib/gcc/arm-none-eabi/11.3.1/../../../../arm-none-eabi/lib/thumb/v7-m/nofp/libc_nano.a(libc_a-closer.o)
                              /opt/st/stm32cubeide_1.13.2/plugins/com.st.stm32cube.ide.mcu.externaltools.gnu-tools-for-stm32.11.3.rel1.linux64_1.1.1.202309131626/tools/bin/../lib/gcc/arm-none-eabi/11.3.1/../../../../arm-none-eabi/lib/thumb/v7-m/nofp/libc_nano.a(libc_a-stdio.o) (_close_r)
/opt/st/stm32cubeide_1.13.2/plugins/com.st.stm32cube.ide.mcu.externaltools.gnu-tools-for-stm32.11.3.rel1.linux64_1.1.1.202309131626/tools/bin/../lib/gcc/arm-none-eabi/11.3.1/../../../../arm-none-eabi/lib/thumb/v7-m/nofp/libc_nano.a(libc_a-reent.o)
                              /opt/st/stm32cubeide_1.13.2/plugins/com.st.stm32cube.ide.mcu.externaltools.gnu-tools-for-stm32.11.3.rel1.linux64_1.1.1.202309131626/tools/bin/../lib/gcc/arm-none-eabi/11.3.1/../../../../arm-none-eabi/lib/thumb/v7-m/nofp/libc_nano.a(libc_a-closer.o) (errno)
/opt/st/stm32cubeide_1.13.2/plugins/com.st.stm32cube.ide.mcu.externaltools.gnu-tools-for-stm32.11.3.rel1.linux64_1.1.1.202309131626/tools/bin/../lib/gcc/arm-none-eabi/11.3.1/../../../../arm-none-eabi/lib/thumb/v7-m/nofp/libc_nano.a(libc_a-impure.o)
                              /opt/st/stm32cubeide_1.13.2/plugins/com.st.stm32cube.ide.mcu.externaltools.gnu-tools-for-stm32.11.3.rel1.linux64_1.1.1.202309131626/tools/bin/../lib/gcc/arm-none-eabi/11.3.1/../../../../arm-none-eabi/lib/thumb/v7-m/nofp/libc_nano.a(libc_a-reent.o) (_impure_ptr)
/opt/st/stm32cubeide_1.13.2/plugins/com.st.stm32cube.ide.mcu.externaltools.gnu-tools-for-stm32.11.3.rel1.linux64_1.1.1.202309131626/tools/bin/../lib/gcc/arm-none-eabi/11.3.1/../../../../arm-none-eabi/lib/thumb/v7-m/nofp/libc_nano.a(libc_a-lseekr.o)
                              /opt/st/stm32cubeide_1.13.2/plugins/com.st.stm32cube.ide.mcu.externaltools.gnu-tools-for-stm32.11.3.rel1.linux64_1.1.1.202309131626/tools/bin/../lib/gcc/arm-none-eabi/11.3.1/../../../../arm-none-eabi/lib/thumb/v7-m/nofp/libc_nano.a(libc_a-stdio.o) (_lseek_r)
[...]
Memory Configuration

Name             Origin             Length             Attributes
RAM              0x0000000020000000 0x0000000000002800 xrw
FLASH            0x0000000008000000 0x0000000000008000 xr
*default*        0x0000000000000000 0xffffffffffffffff

Linker script and memory map

LOAD /opt/st/stm32cubeide_1.13.2/plugins/com.st.stm32cube.ide.mcu.externaltools.gnu-tools-for-stm32.11.3.rel1.linux64_1.1.1.202309131626/tools/bin/../lib/gcc/arm-none-eabi/11.3.1/thumb/v7-m/nofp/crti.o
LOAD /opt/st/stm32cubeide_1.13.2/plugins/com.st.stm32cube.ide.mcu.externaltools.gnu-tools-for-stm32.11.3.rel1.linux64_1.1.1.202309131626/tools/bin/../lib/gcc/arm-none-eabi/11.3.1/thumb/v7-m/nofp/crtbegin.o
LOAD /opt/st/stm32cubeide_1.13.2/plugins/com.st.stm32cube.ide.mcu.externaltools.gnu-tools-for-stm32.11.3.rel1.linux64_1.1.1.202309131626/tools/bin/../lib/gcc/arm-none-eabi/11.3.1/../../../../arm-none-eabi/lib/thumb/v7-m/nofp/crt0.o
LOAD ./Core/Src/PID.o
LOAD ./Core/Src/gpio.o
LOAD ./Core/Src/main.o
LOAD ./Core/Src/stm32f1xx_hal_msp.o
LOAD ./Core/Src/stm32f1xx_it.o
LOAD ./Core/Src/syscalls.o
LOAD ./Core/Src/sysmem.o
LOAD ./Core/Src/system_stm32f1xx.o
LOAD ./Core/Src/tim.o
LOAD ./Core/Startup/startup_stm32f103c6tx.o
LOAD ./Drivers/STM32F1xx_HAL_Driver/Src/stm32f1xx_hal.o
LOAD ./Drivers/STM32F1xx_HAL_Driver/Src/stm32f1xx_hal_cortex.o
LOAD ./Drivers/STM32F1xx_HAL_Driver/Src/stm32f1xx_hal_dma.o
LOAD ./Drivers/STM32F1xx_HAL_Driver/Src/stm32f1xx_hal_exti.o
LOAD ./Drivers/STM32F1xx_HAL_Driver/Src/stm32f1xx_hal_flash.o
LOAD ./Drivers/STM32F1xx_HAL_Driver/Src/stm32f1xx_hal_flash_ex.o
LOAD ./Drivers/STM32F1xx_HAL_Driver/Src/stm32f1xx_hal_gpio.o
LOAD ./Drivers/STM32F1xx_HAL_Driver/Src/stm32f1xx_hal_gpio_ex.o
LOAD ./Drivers/STM32F1xx_HAL_Driver/Src/stm32f1xx_hal_pwr.o
LOAD ./Drivers/STM32F1xx_HAL_Driver/Src/stm32f1xx_hal_rcc.o
LOAD ./Drivers/STM32F1xx_HAL_Driver/Src/stm32f1xx_hal_rcc_ex.o
LOAD ./Drivers/STM32F1xx_HAL_Driver/Src/stm32f1xx_hal_tim.o
LOAD ./Drivers/STM32F1xx_HAL_Driver/Src/stm32f1xx_hal_tim_ex.o
START GROUP
LOAD /opt/st/stm32cubeide_1.13.2/plugins/com.st.stm32cube.ide.mcu.externaltools.gnu-tools-for-stm32.11.3.rel1.linux64_1.1.1.202309131626/tools/bin/../lib/gcc/arm-none-eabi/11.3.1/../../../../arm-none-eabi/lib/thumb/v7-m/nofp/libc_nano.a
LOAD /opt/st/stm32cubeide_1.13.2/plugins/com.st.stm32cube.ide.mcu.externaltools.gnu-tools-for-stm32.11.3.rel1.linux64_1.1.1.202309131626/tools/bin/../lib/gcc/arm-none-eabi/11.3.1/../../../../arm-none-eabi/lib/thumb/v7-m/nofp/libm.a
END GROUP
START GROUP
LOAD /opt/st/stm32cubeide_1.13.2/plugins/com.st.stm32cube.ide.mcu.externaltools.gnu-tools-for-stm32.11.3.rel1.linux64_1.1.1.202309131626/tools/bin/../lib/gcc/arm-none-eabi/11.3.1/thumb/v7-m/nofp/libgcc.a
LOAD /opt/st/stm32cubeide_1.13.2/plugins/com.st.stm32cube.ide.mcu.externaltools.gnu-tools-for-stm32.11.3.rel1.linux64_1.1.1.202309131626/tools/bin/../lib/gcc/arm-none-eabi/11.3.1/../../../../arm-none-eabi/lib/thumb/v7-m/nofp/libc_nano.a
END GROUP
START GROUP
LOAD /opt/st/stm32cubeide_1.13.2/plugins/com.st.stm32cube.ide.mcu.externaltools.gnu-tools-for-stm32.11.3.rel1.linux64_1.1.1.202309131626/tools/bin/../lib/gcc/arm-none-eabi/11.3.1/thumb/v7-m/nofp/libgcc.a
LOAD /opt/st/stm32cubeide_1.13.2/plugins/com.st.stm32cube.ide.mcu.externaltools.gnu-tools-for-stm32.11.3.rel1.linux64_1.1.1.202309131626/tools/bin/../lib/gcc/arm-none-eabi/11.3.1/../../../../arm-none-eabi/lib/thumb/v7-m/nofp/libc_nano.a
LOAD /opt/st/stm32cubeide_1.13.2/plugins/com.st.stm32cube.ide.mcu.externaltools.gnu-tools-for-stm32.11.3.rel1.linux64_1.1.1.202309131626/tools/bin/../lib/gcc/arm-none-eabi/11.3.1/../../../../arm-none-eabi/lib/thumb/v7-m/nofp/libnosys.a
END GROUP
START GROUP
LOAD /opt/st/stm32cubeide_1.13.2/plugins/com.st.stm32cube.ide.mcu.externaltools.gnu-tools-for-stm32.11.3.rel1.linux64_1.1.1.202309131626/tools/bin/../lib/gcc/arm-none-eabi/11.3.1/thumb/v7-m/nofp/libgcc.a
LOAD /opt/st/stm32cubeide_1.13.2/plugins/com.st.stm32cube.ide.mcu.externaltools.gnu-tools-for-stm32.11.3.rel1.linux64_1.1.1.202309131626/tools/bin/../lib/gcc/arm-none-eabi/11.3.1/../../../../arm-none-eabi/lib/thumb/v7-m/nofp/libc_nano.a
LOAD /opt/st/stm32cubeide_1.13.2/plugins/com.st.stm32cube.ide.mcu.externaltools.gnu-tools-for-stm32.11.3.rel1.linux64_1.1.1.202309131626/tools/bin/../lib/gcc/arm-none-eabi/11.3.1/../../../../arm-none-eabi/lib/thumb/v7-m/nofp/libnosys.a
END GROUP
LOAD /opt/st/stm32cubeide_1.13.2/plugins/com.st.stm32cube.ide.mcu.externaltools.gnu-tools-for-stm32.11.3.rel1.linux64_1.1.1.202309131626/tools/bin/../lib/gcc/arm-none-eabi/11.3.1/thumb/v7-m/nofp/crtend.o
LOAD /opt/st/stm32cubeide_1.13.2/plugins/com.st.stm32cube.ide.mcu.externaltools.gnu-tools-for-stm32.11.3.rel1.linux64_1.1.1.202309131626/tools/bin/../lib/gcc/arm-none-eabi/11.3.1/thumb/v7-m/nofp/crtn.o
                0x0000000020002800                _estack = (ORIGIN (RAM) + LENGTH (RAM))
                0x0000000000000200                _Min_Heap_Size = 0x200
                0x0000000000000400                _Min_Stack_Size = 0x400

.isr_vector     0x0000000008000000      0x10c
                0x0000000008000000                . = ALIGN (0x4)
 *(.isr_vector)
 .isr_vector    0x0000000008000000      0x10c ./Core/Startup/startup_stm32f103c6tx.o
                0x0000000008000000                g_pfnVectors
                0x000000000800010c                . = ALIGN (0x4)

.text           0x0000000008000110     0x36f8
                0x0000000008000110                . = ALIGN (0x4)
 *(.text)
 .text          0x0000000008000110       0x40 /opt/st/stm32cubeide_1.13.2/plugins/com.st.stm32cube.ide.mcu.externaltools.gnu-tools-for-stm32.11.3.rel1.linux64_1.1.1.202309131626/tools/bin/../lib/gcc/arm-none-eabi/11.3.1/thumb/v7-m/nofp/crtbegin.o
 .text          0x0000000008000150      0x254 /opt/st/stm32cubeide_1.13.2/plugins/com.st.stm32cube.ide.mcu.externaltools.gnu-tools-for-stm32.11.3.rel1.linux64_1.1.1.202309131626/tools/bin/../lib/gcc/arm-none-eabi/11.3.1/thumb/v7-m/nofp/libgcc.a(_arm_muldf3.o)
                0x0000000008000150                __aeabi_dmul
                0x0000000008000150                __muldf3
 .text          0x00000000080003a4      0x378 /opt/st/stm32cubeide_1.13.2/plugins/com.st.stm32cube.ide.mcu.externaltools.gnu-tools-for-stm32.11.3.rel1.linux64_1.1.1.202309131626/tools/bin/../lib/gcc/arm-none-eabi/11.3.1/thumb/v7-m/nofp/libgcc.a(_arm_addsubdf3.o)
                0x00000000080003a4                __aeabi_drsub
                0x00000000080003ac                __aeabi_dsub
                0x00000000080003ac                __subdf3
                0x00000000080003b0                __adddf3
                0x00000000080003b0                __aeabi_dadd
                0x0000000008000628                __aeabi_ui2d
                0x0000000008000628                __floatunsidf
                0x0000000008000648                __floatsidf
                0x0000000008000648                __aeabi_i2d
                0x000000000800066c                __extendsfdf2
                0x000000000800066c                __aeabi_f2d
                0x00000000080006b0                __aeabi_ul2d
                0x00000000080006b0                __floatundidf
                0x00000000080006c0                __floatdidf
                0x00000000080006c0                __aeabi_l2d
 .text          0x000000000800071c       0xa0 /opt/st/stm32cubeide_1.13.2/plugins/com.st.stm32cube.ide.mcu.externaltools.gnu-tools-for-stm32.11.3.rel1.linux64_1.1.1.202309131626/tools/bin/../lib/gcc/arm-none-eabi/11.3.1/thumb/v7-m/nofp/libgcc.a(_arm_truncdfsf2.o)
                0x000000000800071c                __aeabi_d2f
                0x000000000800071c                __truncdfsf2
 .text          0x00000000080007bc      0x21c /opt/st/stm32cubeide_1.13.2/plugins/com.st.stm32cube.ide.mcu.externaltools.gnu-tools-for-stm32.11.3.rel1.linux64_1.1.1.202309131626/tools/bin/../lib/gcc/arm-none-eabi/11.3.1/thumb/v7-m/nofp/libgcc.a(_arm_addsubsf3.o)
                0x00000000080007bc                __aeabi_frsub
                0x00000000080007c4                __subsf3
                0x00000000080007c4                __aeabi_fsub
                0x00000000080007c8                __aeabi_fadd
                0x00000000080007c8                __addsf3
                0x0000000008000928                __aeabi_ui2f
                0x0000000008000928                __floatunsisf
                0x0000000008000930                __aeabi_i2f
                0x0000000008000930                __floatsisf
                0x000000000800094c                __floatundisf
                0x000000000800094c                __aeabi_ul2f
                0x000000000800095c                __floatdisf
                0x000000000800095c                __aeabi_l2f
 .text          0x00000000080009d8      0x2a0 /opt/st/stm32cubeide_1.13.2/plugins/com.st.stm32cube.ide.mcu.externaltools.gnu-tools-for-stm32.11.3.rel1.linux64_1.1.1.202309131626/tools/bin/../lib/gcc/arm-none-eabi/11.3.1/thumb/v7-m/nofp/libgcc.a(_arm_muldivsf3.o)
                0x00000000080009d8                __mulsf3
                0x00000000080009d8                __aeabi_fmul
                0x0000000008000b40                __divsf3
                0x0000000008000b40                __aeabi_fdiv
 .text          0x0000000008000c78       0xec /opt/st/stm32cubeide_1.13.2/plugins/com.st.stm32cube.ide.mcu.externaltools.gnu-tools-for-stm32.11.3.rel1.linux64_1.1.1.202309131626/tools/bin/../lib/gcc/arm-none-eabi/11.3.1/thumb/v7-m/nofp/libgcc.a(_arm_cmpsf2.o)
                0x0000000008000c78                __gtsf2
                0x0000000008000c78                __gesf2
                0x0000000008000c80                __lesf2
                0x0000000008000c80                __ltsf2
                0x0000000008000c88                __nesf2
                0x0000000008000c88                __eqsf2
                0x0000000008000c88                __cmpsf2
                0x0000000008000ce8                __aeabi_cfrcmple
                0x0000000008000cf0                __aeabi_cfcmple
                0x0000000008000cf0                __aeabi_cfcmpeq
                0x0000000008000d00                __aeabi_fcmpeq
                0x0000000008000d14                __aeabi_fcmplt
                0x0000000008000d28                __aeabi_fcmple
                0x0000000008000d3c                __aeabi_fcmpge
                0x0000000008000d50                __aeabi_fcmpgt
 .text          0x0000000008000d64       0x40 /opt/st/stm32cubeide_1.13.2/plugins/com.st.stm32cube.ide.mcu.externaltools.gnu-tools-for-stm32.11.3.rel1.linux64_1.1.1.202309131626/tools/bin/../lib/gcc/arm-none-eabi/11.3.1/thumb/v7-m/nofp/libgcc.a(_arm_fixunssfsi.o)
                0x0000000008000d64                __aeabi_f2uiz
                0x0000000008000d64                __fixunssfsi
 *(.text*)
 .text.PID_Init
                0x0000000008000da4       0x70 ./Core/Src/PID.o
                0x0000000008000da4                PID_Init
 .text.PID      0x0000000008000e14      0x25a ./Core/Src/PID.o
                0x0000000008000e14                PID
 *fill*         0x000000000800106e        0x2 
 .text.MX_GPIO_Init
                0x0000000008001070       0x44 ./Core/Src/gpio.o
                0x0000000008001070                MX_GPIO_Init
 *fill*         0x00000000080010b4        0x4 
 .text.Motors_RPS
                0x00000000080010b8      0x1d4 ./Core/Src/main.o
                0x00000000080010b8                Motors_RPS
 .text.main     0x000000000800128c       0x88 ./Core/Src/main.o
                0x000000000800128c                main
 .text.SystemClock_Config
                0x0000000008001314       0x8a ./Core/Src/main.o
                0x0000000008001314                SystemClock_Config
 *fill*         0x000000000800139e        0x2 
 .text.HAL_TIM_PeriodElapsedCallback
                0x00000000080013a0       0xdc ./Core/Src/main.o
                0x00000000080013a0                HAL_TIM_PeriodElapsedCallback
 .text.Error_Handler
                0x000000000800147c        0xa ./Core/Src/main.o
                0x000000000800147c                Error_Handler
 *fill*         0x0000000008001486        0x2 
 .text.HAL_MspInit
                0x0000000008001488       0x64 ./Core/Src/stm32f1xx_hal_msp.o
                0x0000000008001488                HAL_MspInit
 .text.NMI_Handler
                0x00000000080014ec        0x6 ./Core/Src/stm32f1xx_it.o
                0x00000000080014ec                NMI_Handler
 .text.HardFault_Handler
                0x00000000080014f2        0x6 ./Core/Src/stm32f1xx_it.o
                0x00000000080014f2                HardFault_Handler
 .text.MemManage_Handler
                0x00000000080014f8        0x6 ./Core/Src/stm32f1xx_it.o
                0x00000000080014f8                MemManage_Handler
 .text.BusFault_Handler
                0x00000000080014fe        0x6 ./Core/Src/stm32f1xx_it.o
                0x00000000080014fe                BusFault_Handler
 .text.UsageFault_Handler
                0x0000000008001504        0x6 ./Core/Src/stm32f1xx_it.o
                0x0000000008001504                UsageFault_Handler
 .text.SVC_Handler
                0x000000000800150a        0xc ./Core/Src/stm32f1xx_it.o
                0x000000000800150a                SVC_Handler
 .text.DebugMon_Handler
                0x0000000008001516        0xc ./Core/Src/stm32f1xx_it.o
                0x0000000008001516                DebugMon_Handler
 .text.PendSV_Handler
                0x0000000008001522        0xc ./Core/Src/stm32f1xx_it.o
                0x0000000008001522                PendSV_Handler
 .text.SysTick_Handler
                0x000000000800152e        0xc ./Core/Src/stm32f1xx_it.o
                0x000000000800152e                SysTick_Handler
 *fill*         0x000000000800153a        0x2 
 .text.TIM2_IRQHandler
                0x000000000800153c       0x14 ./Core/Src/stm32f1xx_it.o
                0x000000000800153c                TIM2_IRQHandler
 .text.SystemInit
                0x0000000008001550        0xc ./Core/Src/system_stm32f1xx.o
                0x0000000008001550                SystemInit
 .text.MX_TIM1_Init
                0x000000000800155c       0xb0 ./Core/Src/tim.o
                0x000000000800155c                MX_TIM1_Init
 .text.MX_TIM2_Init
                0x000000000800160c       0x98 ./Core/Src/tim.o
                0x000000000800160c                MX_TIM2_Init
 .text.MX_TIM3_Init
                0x00000000080016a4       0xc8 ./Core/Src/tim.o
                0x00000000080016a4                MX_TIM3_Init
 .text.HAL_TIM_Encoder_MspInit
                0x000000000800176c       0x80 ./Core/Src/tim.o
                0x000000000800176c                HAL_TIM_Encoder_MspInit
 .text.HAL_TIM_Base_MspInit
                0x00000000080017ec       0x48 ./Core/Src/tim.o
                0x00000000080017ec                HAL_TIM_Base_MspInit
 .text.HAL_TIM_PWM_MspInit
                0x0000000008001834       0x3c ./Core/Src/tim.o
                0x0000000008001834                HAL_TIM_PWM_MspInit
 .text.HAL_TIM_MspPostInit
                0x0000000008001870       0x64 ./Core/Src/tim.o
                0x0000000008001870                HAL_TIM_MspPostInit
 .text.Reset_Handler
                0x00000000080018d4       0x48 ./Core/Startup/startup_stm32f103c6tx.o
                0x00000000080018d4                Reset_Handler
 .text.Default_Handler
                0x000000000800191c        0x2 ./Core/Startup/startup_stm32f103c6tx.o
                0x000000000800191c                RTC_Alarm_IRQHandler
                0x000000000800191c                EXTI2_IRQHandler
                0x000000000800191c                TIM1_CC_IRQHandler
                0x000000000800191c                PVD_IRQHandler
                0x000000000800191c                EXTI3_IRQHandler
                0x000000000800191c                EXTI0_IRQHandler
                0x000000000800191c                ADC1_2_IRQHandler
                0x000000000800191c                SPI1_IRQHandler
                0x000000000800191c                TAMPER_IRQHandler
                0x000000000800191c                DMA1_Channel4_IRQHandler
                0x000000000800191c                RTC_IRQHandler
                0x000000000800191c                DMA1_Channel7_IRQHandler
                0x000000000800191c                CAN1_RX1_IRQHandler
                0x000000000800191c                I2C1_EV_IRQHandler
                0x000000000800191c                DMA1_Channel6_IRQHandler
                0x000000000800191c                TIM3_IRQHandler
                0x000000000800191c                RCC_IRQHandler
                0x000000000800191c                TIM1_TRG_COM_IRQHandler
                0x000000000800191c                DMA1_Channel1_IRQHandler
                0x000000000800191c                Default_Handler
                0x000000000800191c                EXTI15_10_IRQHandler
                0x000000000800191c                EXTI9_5_IRQHandler
                0x000000000800191c                DMA1_Channel5_IRQHandler
                0x000000000800191c                EXTI4_IRQHandler
                0x000000000800191c                USB_LP_CAN1_RX0_IRQHandler
                0x000000000800191c                USB_HP_CAN1_TX_IRQHandler
                0x000000000800191c                DMA1_Channel3_IRQHandler
                0x000000000800191c                TIM1_UP_IRQHandler
                0x000000000800191c                WWDG_IRQHandler
                0x000000000800191c                TIM1_BRK_IRQHandler
                0x000000000800191c                EXTI1_IRQHandler
                0x000000000800191c                USART2_IRQHandler
                0x000000000800191c                DMA1_Channel2_IRQHandler
                0x000000000800191c                CAN1_SCE_IRQHandler
                0x000000000800191c                FLASH_IRQHandler
                0x000000000800191c                USART1_IRQHandler
                0x000000000800191c                I2C1_ER_IRQHandler
                0x000000000800191c                USBWakeUp_IRQHandler
 *fill*         0x000000000800191e        0x2 
 .text.HAL_Init
                0x0000000008001920       0x2c ./Drivers/STM32F1xx_HAL_Driver/Src/stm32f1xx_hal.o
                0x0000000008001920                HAL_Init
 .text.HAL_InitTick
                0x000000000800194c       0x60 ./Drivers/STM32F1xx_HAL_Driver/Src/stm32f1xx_hal.o
                0x000000000800194c                HAL_InitTick
 .text.HAL_IncTick
                0x00000000080019ac       0x24 ./Drivers/STM32F1xx_HAL_Driver/Src/stm32f1xx_hal.o
                0x00000000080019ac                HAL_IncTick
 .text.HAL_GetTick
                0x00000000080019d0       0x14 ./Drivers/STM32F1xx_HAL_Driver/Src/stm32f1xx_hal.o
                0x00000000080019d0                HAL_GetTick
 .text.__NVIC_SetPriorityGrouping
                0x00000000080019e4       0x48 ./Drivers/STM32F1xx_HAL_Driver/Src/stm32f1xx_hal_cortex.o
 .text.__NVIC_GetPriorityGrouping
                0x0000000008001a2c       0x1c ./Drivers/STM32F1xx_HAL_Driver/Src/stm32f1xx_hal_cortex.o
 .text.__NVIC_EnableIRQ
                0x0000000008001a48       0x38 ./Drivers/STM32F1xx_HAL_Driver/Src/stm32f1xx_hal_cortex.o
 .text.__NVIC_SetPriority
                0x0000000008001a80       0x54 ./Drivers/STM32F1xx_HAL_Driver/Src/stm32f1xx_hal_cortex.o
 .text.NVIC_EncodePriority
                0x0000000008001ad4       0x64 ./Drivers/STM32F1xx_HAL_Driver/Src/stm32f1xx_hal_cortex.o
 .text.SysTick_Config
                0x0000000008001b38       0x44 ./Drivers/STM32F1xx_HAL_Driver/Src/stm32f1xx_hal_cortex.o
 .text.HAL_NVIC_SetPriorityGrouping
                0x0000000008001b7c       0x16 ./Drivers/STM32F1xx_HAL_Driver/Src/stm32f1xx_hal_cortex.o
                0x0000000008001b7c                HAL_NVIC_SetPriorityGrouping
 .text.HAL_NVIC_SetPriority
                0x0000000008001b92       0x38 ./Drivers/STM32F1xx_HAL_Driver/Src/stm32f1xx_hal_cortex.o
                0x0000000008001b92                HAL_NVIC_SetPriority
 .text.HAL_NVIC_EnableIRQ
                0x0000000008001bca       0x1c ./Drivers/STM32F1xx_HAL_Driver/Src/stm32f1xx_hal_cortex.o
                0x0000000008001bca                HAL_NVIC_EnableIRQ
 .text.HAL_SYSTICK_Config
                0x0000000008001be6       0x18 ./Drivers/STM32F1xx_HAL_Driver/Src/stm32f1xx_hal_cortex.o
                0x0000000008001be6                HAL_SYSTICK_Config
 *fill*         0x0000000008001bfe        0x2 
 .text.HAL_GPIO_Init
                0x0000000008001c00      0x2f8 ./Drivers/STM32F1xx_HAL_Driver/Src/stm32f1xx_hal_gpio.o
                0x0000000008001c00                HAL_GPIO_Init
 .text.HAL_RCC_OscConfig
                0x0000000008001ef8      0x504 ./Drivers/STM32F1xx_HAL_Driver/Src/stm32f1xx_hal_rcc.o
                0x0000000008001ef8                HAL_RCC_OscConfig
 .text.HAL_RCC_ClockConfig
                0x00000000080023fc      0x1d4 ./Drivers/STM32F1xx_HAL_Driver/Src/stm32f1xx_hal_rcc.o
                0x00000000080023fc                HAL_RCC_ClockConfig
 .text.HAL_RCC_GetSysClockFreq
                0x00000000080025d0       0xa8 ./Drivers/STM32F1xx_HAL_Driver/Src/stm32f1xx_hal_rcc.o
                0x00000000080025d0                HAL_RCC_GetSysClockFreq
 .text.RCC_Delay
                0x0000000008002678       0x3c ./Drivers/STM32F1xx_HAL_Driver/Src/stm32f1xx_hal_rcc.o
 .text.HAL_TIM_Base_Init
                0x00000000080026b4       0x9e ./Drivers/STM32F1xx_HAL_Driver/Src/stm32f1xx_hal_tim.o
                0x00000000080026b4                HAL_TIM_Base_Init
 *fill*         0x0000000008002752        0x2 
 .text.HAL_TIM_Base_Start_IT
                0x0000000008002754       0x98 ./Drivers/STM32F1xx_HAL_Driver/Src/stm32f1xx_hal_tim.o
                0x0000000008002754                HAL_TIM_Base_Start_IT
 .text.HAL_TIM_PWM_Init
                0x00000000080027ec       0x9e ./Drivers/STM32F1xx_HAL_Driver/Src/stm32f1xx_hal_tim.o
                0x00000000080027ec                HAL_TIM_PWM_Init
 *fill*         0x000000000800288a        0x2 
 .text.HAL_TIM_PWM_Start
                0x000000000800288c      0x138 ./Drivers/STM32F1xx_HAL_Driver/Src/stm32f1xx_hal_tim.o
                0x000000000800288c                HAL_TIM_PWM_Start
 .text.HAL_TIM_Encoder_Init
                0x00000000080029c4      0x144 ./Drivers/STM32F1xx_HAL_Driver/Src/stm32f1xx_hal_tim.o
                0x00000000080029c4                HAL_TIM_Encoder_Init
 .text.HAL_TIM_Encoder_Start
                0x0000000008002b08      0x11c ./Drivers/STM32F1xx_HAL_Driver/Src/stm32f1xx_hal_tim.o
                0x0000000008002b08                HAL_TIM_Encoder_Start
 .text.HAL_TIM_IRQHandler
                0x0000000008002c24      0x210 ./Drivers/STM32F1xx_HAL_Driver/Src/stm32f1xx_hal_tim.o
                0x0000000008002c24                HAL_TIM_IRQHandler
 .text.HAL_TIM_PWM_ConfigChannel
                0x0000000008002e34      0x184 ./Drivers/STM32F1xx_HAL_Driver/Src/stm32f1xx_hal_tim.o
                0x0000000008002e34                HAL_TIM_PWM_ConfigChannel
 .text.HAL_TIM_ConfigClockSource
                0x0000000008002fb8      0x18e ./Drivers/STM32F1xx_HAL_Driver/Src/stm32f1xx_hal_tim.o
                0x0000000008002fb8                HAL_TIM_ConfigClockSource
 .text.HAL_TIM_OC_DelayElapsedCallback
                0x0000000008003146       0x12 ./Drivers/STM32F1xx_HAL_Driver/Src/stm32f1xx_hal_tim.o
                0x0000000008003146                HAL_TIM_OC_DelayElapsedCallback
 .text.HAL_TIM_IC_CaptureCallback
                0x0000000008003158       0x12 ./Drivers/STM32F1xx_HAL_Driver/Src/stm32f1xx_hal_tim.o
                0x0000000008003158                HAL_TIM_IC_CaptureCallback
 .text.HAL_TIM_PWM_PulseFinishedCallback
                0x000000000800316a       0x12 ./Drivers/STM32F1xx_HAL_Driver/Src/stm32f1xx_hal_tim.o
                0x000000000800316a                HAL_TIM_PWM_PulseFinishedCallback
 .text.HAL_TIM_TriggerCallback
                0x000000000800317c       0x12 ./Drivers/STM32F1xx_HAL_Driver/Src/stm32f1xx_hal_tim.o
                0x000000000800317c                HAL_TIM_TriggerCallback
 *fill*         0x000000000800318e        0x2 
 .text.TIM_Base_SetConfig
                0x0000000008003190       0xb0 ./Drivers/STM32F1xx_HAL_Driver/Src/stm32f1xx_hal_tim.o
                0x0000000008003190                TIM_Base_SetConfig
 .text.TIM_OC1_SetConfig
                0x0000000008003240       0xcc ./Drivers/STM32F1xx_HAL_Driver/Src/stm32f1xx_hal_tim.o
 .text.TIM_OC2_SetConfig
                0x000000000800330c       0xd4 ./Drivers/STM32F1xx_HAL_Driver/Src/stm32f1xx_hal_tim.o
                0x000000000800330c                TIM_OC2_SetConfig
 .text.TIM_OC3_SetConfig
                0x00000000080033e0       0xd4 ./Drivers/STM32F1xx_HAL_Driver/Src/stm32f1xx_hal_tim.o
 .text.TIM_OC4_SetConfig
                0x00000000080034b4       0x9c ./Drivers/STM32F1xx_HAL_Driver/Src/stm32f1xx_hal_tim.o
 .text.TIM_TI1_ConfigInputStage
                0x0000000008003550       0x5c ./Drivers/STM32F1xx_HAL_Driver/Src/stm32f1xx_hal_tim.o
 .text.TIM_TI2_ConfigInputStage
                0x00000000080035ac       0x5e ./Drivers/STM32F1xx_HAL_Driver/Src/stm32f1xx_hal_tim.o
 .text.TIM_ITRx_SetConfig
                0x000000000800360a       0x34 ./Drivers/STM32F1xx_HAL_Driver/Src/stm32f1xx_hal_tim.o
 .text.TIM_ETR_SetConfig
                0x000000000800363e       0x3e ./Drivers/STM32F1xx_HAL_Driver/Src/stm32f1xx_hal_tim.o
                0x000000000800363e                TIM_ETR_SetConfig
 .text.TIM_CCxChannelCmd
                0x000000000800367c       0x48 ./Drivers/STM32F1xx_HAL_Driver/Src/stm32f1xx_hal_tim.o
                0x000000000800367c                TIM_CCxChannelCmd
 .text.HAL_TIMEx_MasterConfigSynchronization
                0x00000000080036c4       0xb0 ./Drivers/STM32F1xx_HAL_Driver/Src/stm32f1xx_hal_tim_ex.o
                0x00000000080036c4                HAL_TIMEx_MasterConfigSynchronization
 .text.HAL_TIMEx_CommutCallback
                0x0000000008003774       0x12 ./Drivers/STM32F1xx_HAL_Driver/Src/stm32f1xx_hal_tim_ex.o
                0x0000000008003774                HAL_TIMEx_CommutCallback
 .text.HAL_TIMEx_BreakCallback
                0x0000000008003786       0x12 ./Drivers/STM32F1xx_HAL_Driver/Src/stm32f1xx_hal_tim_ex.o
                0x0000000008003786                HAL_TIMEx_BreakCallback
 .text.memset   0x0000000008003798       0x10 /opt/st/stm32cubeide_1.13.2/plugins/com.st.stm32cube.ide.mcu.externaltools.gnu-tools-for-stm32.11.3.rel1.linux64_1.1.1.202309131626/tools/bin/../lib/gcc/arm-none-eabi/11.3.1/../../../../arm-none-eabi/lib/thumb/v7-m/nofp/libc_nano.a(libc_a-memset.o)
                0x0000000008003798                memset
 .text.__libc_init_array
                0x00000000080037a8       0x48 /opt/st/stm32cubeide_1.13.2/plugins/com.st.stm32cube.ide.mcu.externaltools.gnu-tools-for-stm32.11.3.rel1.linux64_1.1.1.202309131626/tools/bin/../lib/gcc/arm-none-eabi/11.3.1/../../../../arm-none-eabi/lib/thumb/v7-m/nofp/libc_nano.a(libc_a-init.o)
                0x00000000080037a8                __libc_init_array
 *(.glue_7)
 .glue_7        0x00000000080037f0        0x0 linker stubs
 *(.glue_7t)
 .glue_7t       0x00000000080037f0        0x0 linker stubs
 *(.eh_frame)
 .eh_frame      0x00000000080037f0        0x0 /opt/st/stm32cubeide_1.13.2/plugins/com.st.stm32cube.ide.mcu.externaltools.gnu-tools-for-stm32.11.3.rel1.linux64_1.1.1.202309131626/tools/bin/../lib/gcc/arm-none-eabi/11.3.1/thumb/v7-m/nofp/crtbegin.o
 *(.init)
 .init          0x00000000080037f0        0x4 /opt/st/stm32cubeide_1.13.2/plugins/com.st.stm32cube.ide.mcu.externaltools.gnu-tools-for-stm32.11.3.rel1.linux64_1.1.1.202309131626/tools/bin/../lib/gcc/arm-none-eabi/11.3.1/thumb/v7-m/nofp/crti.o
                0x00000000080037f0                _init
 .init          0x00000000080037f4        0x8 /opt/st/stm32cubeide_1.13.2/plugins/com.st.stm32cube.ide.mcu.externaltools.gnu-tools-for-stm32.11.3.rel1.linux64_1.1.1.202309131626/tools/bin/../lib/gcc/arm-none-eabi/11.3.1/thumb/v7-m/nofp/crtn.o
 *(.fini)
 .fini          0x00000000080037fc        0x4 /opt/st/stm32cubeide_1.13.2/plugins/com.st.stm32cube.ide.mcu.externaltools.gnu-tools-for-stm32.11.3.rel1.linux64_1.1.1.202309131626/tools/bin/../lib/gcc/arm-none-eabi/11.3.1/thumb/v7-m/nofp/crti.o
                0x00000000080037fc                _fini
 .fini          0x0000000008003800        0x8 /opt/st/stm32cubeide_1.13.2/plugins/com.st.stm32cube.ide.mcu.externaltools.gnu-tools-for-stm32.11.3.rel1.linux64_1.1.1.202309131626/tools/bin/../lib/gcc/arm-none-eabi/11.3.1/thumb/v7-m/nofp/crtn.o
                0x0000000008003808                . = ALIGN (0x4)
                0x0000000008003808                _etext = .

.vfp11_veneer   0x0000000008003808        0x0
 .vfp11_veneer  0x0000000008003808        0x0 linker stubs

.v4_bx          0x0000000008003808        0x0
 .v4_bx         0x0000000008003808        0x0 linker stubs

.iplt           0x0000000008003808        0x0
 .iplt          0x0000000008003808        0x0 /opt/st/stm32cubeide_1.13.2/plugins/com.st.stm32cube.ide.mcu.externaltools.gnu-tools-for-stm32.11.3.rel1.linux64_1.1.1.202309131626/tools/bin/../lib/gcc/arm-none-eabi/11.3.1/thumb/v7-m/nofp/crtbegin.o

.rodata         0x0000000008003808       0x24
                0x0000000008003808                . = ALIGN (0x4)
 *(.rodata)
 *(.rodata*)
 .rodata.AHBPrescTable
                0x0000000008003808       0x10 ./Core/Src/system_stm32f1xx.o
                0x0000000008003808                AHBPrescTable
 .rodata.aPLLMULFactorTable.1
                0x0000000008003818       0x10 ./Drivers/STM32F1xx_HAL_Driver/Src/stm32f1xx_hal_rcc.o
 .rodata.aPredivFactorTable.0
                0x0000000008003828        0x2 ./Drivers/STM32F1xx_HAL_Driver/Src/stm32f1xx_hal_rcc.o
                0x000000000800382c                . = ALIGN (0x4)
 *fill*         0x000000000800382a        0x2 

.rel.dyn        0x000000000800382c        0x0
 .rel.iplt      0x000000000800382c        0x0 /opt/st/stm32cubeide_1.13.2/plugins/com.st.stm32cube.ide.mcu.externaltools.gnu-tools-for-stm32.11.3.rel1.linux64_1.1.1.202309131626/tools/bin/../lib/gcc/arm-none-eabi/11.3.1/thumb/v7-m/nofp/crtbegin.o

.ARM.extab      0x000000000800382c        0x0
                0x000000000800382c                . = ALIGN (0x4)
 *(.ARM.extab* .gnu.linkonce.armextab.*)
                0x000000000800382c                . = ALIGN (0x4)

.ARM            0x000000000800382c        0x0
                0x000000000800382c                . = ALIGN (0x4)
                0x000000000800382c                __exidx_start = .
 *(.ARM.exidx*)
                0x000000000800382c                __exidx_end = .
                0x000000000800382c                . = ALIGN (0x4)

.preinit_array  0x000000000800382c        0x0
                0x000000000800382c                . = ALIGN (0x4)
                0x000000000800382c                PROVIDE (__preinit_array_start = .)
 *(.preinit_array*)
                0x000000000800382c                PROVIDE (__preinit_array_end = .)
                0x000000000800382c                . = ALIGN (0x4)

.init_array     0x000000000800382c        0x4
                0x000000000800382c                . = ALIGN (0x4)
                0x000000000800382c                PROVIDE (__init_array_start = .)
 *(SORT_BY_NAME(.init_array.*))
 *(.init_array*)
 .init_array    0x000000000800382c        0x4 /opt/st/stm32cubeide_1.13.2/plugins/com.st.stm32cube.ide.mcu.externaltools.gnu-tools-for-stm32.11.3.rel1.linux64_1.1.1.202309131626/tools/bin/../lib/gcc/arm-none-eabi/11.3.1/thumb/v7-m/nofp/crtbegin.o
                0x0000000008003830                PROVIDE (__init_array_end = .)
                0x0000000008003830                . = ALIGN (0x4)

.fini_array     0x0000000008003830        0x4
                0x0000000008003830                . = ALIGN (0x4)
                [!provide]                        PROVIDE (__fini_array_start = .)
 *(SORT_BY_NAME(.fini_array.*))
 *(.fini_array*)
 .fini_array    0x0000000008003830        0x4 /opt/st/stm32cubeide_1.13.2/plugins/com.st.stm32cube.ide.mcu.externaltools.gnu-tools-for-stm32.11.3.rel1.linux64_1.1.1.202309131626/tools/bin/../lib/gcc/arm-none-eabi/11.3.1/thumb/v7-m/nofp/crtbegin.o
                [!provide]                        PROVIDE (__fini_array_end = .)
                0x0000000008003834                . = ALIGN (0x4)
                0x0000000008003834                _sidata = LOADADDR (.data)

.data           0x0000000020000000        0xc load address 0x0000000008003834
                0x0000000020000000                . = ALIGN (0x4)
                0x0000000020000000                _sdata = .
 *(.data)
 *(.data*)
 .data.SystemCoreClock
                0x0000000020000000        0x4 ./Core/Src/system_stm32f1xx.o
                0x0000000020000000                SystemCoreClock
 .data.uwTickPrio
                0x0000000020000004        0x4 ./Drivers/STM32F1xx_HAL_Driver/Src/stm32f1xx_hal.o
                0x0000000020000004                uwTickPrio
 .data.uwTickFreq
                0x0000000020000008        0x1 ./Drivers/STM32F1xx_HAL_Driver/Src/stm32f1xx_hal.o
                0x0000000020000008                uwTickFreq
 *(.RamFunc)
 *(.RamFunc*)
                0x000000002000000c                . = ALIGN (0x4)
 *fill*         0x0000000020000009        0x3 
                0x000000002000000c                _edata = .

.igot.plt       0x000000002000000c        0x0 load address 0x0000000008003840
 .igot.plt      0x000000002000000c        0x0 /opt/st/stm32cubeide_1.13.2/plugins/com.st.stm32cube.ide.mcu.externaltools.gnu-tools-for-stm32.11.3.rel1.linux64_1.1.1.202309131626/tools/bin/../lib/gcc/arm-none-eabi/11.3.1/thumb/v7-m/nofp/crtbegin.o
                0x000000002000000c                . = ALIGN (0x4)

.bss            0x000000002000000c      0x1ac load address 0x0000000008003840
                0x000000002000000c                _sbss = .
                0x000000002000000c                __bss_start__ = _sbss
 *(.bss)
 .bss           0x000000002000000c       0x1c /opt/st/stm32cubeide_1.13.2/plugins/com.st.stm32cube.ide.mcu.externaltools.gnu-tools-for-stm32.11.3.rel1.linux64_1.1.1.202309131626/tools/bin/../lib/gcc/arm-none-eabi/11.3.1/thumb/v7-m/nofp/crtbegin.o
 *(.bss*)
 .bss.MPID      0x0000000020000028       0x90 ./Core/Src/main.o
                0x0000000020000028                MPID
 .bss.count     0x00000000200000b8        0x2 ./Core/Src/main.o
                0x00000000200000b8                count
 *fill*         0x00000000200000ba        0x2 
 .bss.new_count
                0x00000000200000bc        0x2 ./Core/Src/main.o
                0x00000000200000bc                new_count
 *fill*         0x00000000200000be        0x2 
 .bss.count_state
                0x00000000200000c0        0x1 ./Core/Src/main.o
                0x00000000200000c0                count_state
 *fill*         0x00000000200000c1        0x3 
 .bss.diff      0x00000000200000c4        0x2 ./Core/Src/main.o
                0x00000000200000c4                diff
 *fill*         0x00000000200000c6        0x2 
 .bss.speedM    0x00000000200000c8        0x4 ./Core/Src/main.o
                0x00000000200000c8                speedM
 .bss.rdps      0x00000000200000cc        0x4 ./Core/Src/main.o
                0x00000000200000cc                rdps
 .bss.Motor1_speed
                0x00000000200000d0        0x4 ./Core/Src/main.o
                0x00000000200000d0                Motor1_speed
 .bss.V1        0x00000000200000d4        0x4 ./Core/Src/main.o
                0x00000000200000d4                V1
 .bss.pwm_M1    0x00000000200000d8        0x4 ./Core/Src/main.o
                0x00000000200000d8                pwm_M1
 .bss.htim1     0x00000000200000dc       0x48 ./Core/Src/tim.o
                0x00000000200000dc                htim1
 .bss.htim2     0x0000000020000124       0x48 ./Core/Src/tim.o
                0x0000000020000124                htim2
 .bss.htim3     0x000000002000016c       0x48 ./Core/Src/tim.o
                0x000000002000016c                htim3
 .bss.uwTick    0x00000000200001b4        0x4 ./Drivers/STM32F1xx_HAL_Driver/Src/stm32f1xx_hal.o
                0x00000000200001b4                uwTick
 *(COMMON)
                0x00000000200001b8                . = ALIGN (0x4)
                0x00000000200001b8                _ebss = .
                0x00000000200001b8                __bss_end__ = _ebss

._user_heap_stack
                0x00000000200001b8      0x600 load address 0x0000000008003840
                0x00000000200001b8                . = ALIGN (0x8)
                [!provide]                        PROVIDE (end = .)
                0x00000000200001b8                PROVIDE (_end = .)
                0x00000000200003b8                . = (. + _Min_Heap_Size)
 *fill*         0x00000000200001b8      0x200 
                0x00000000200007b8                . = (. + _Min_Stack_Size)
 *fill*         0x00000000200003b8      0x400 
                0x00000000200007b8                . = ALIGN (0x8)

/DISCARD/
 libc.a(*)
 libm.a(*)
 libgcc.a(*)

.ARM.attributes
                0x0000000000000000       0x29
 *(.ARM.attributes)
 .ARM.attributes
                0x0000000000000000       0x1d /opt/st/stm32cubeide_1.13.2/plugins/com.st.stm32cube.ide.mcu.externaltools.gnu-tools-for-stm32.11.3.rel1.linux64_1.1.1.202309131626/tools/bin/../lib/gcc/arm-none-eabi/11.3.1/thumb/v7-m/nofp/crti.o
 .ARM.attributes
                0x000000000000001d       0x2d /opt/st/stm32cubeide_1.13.2/plugins/com.st.stm32cube.ide.mcu.externaltools.gnu-tools-for-stm32.11.3.rel1.linux64_1.1.1.202309131626/tools/bin/../lib/gcc/arm-none-eabi/11.3.1/thumb/v7-m/nofp/crtbegin.o
 .ARM.attributes
                0x000000000000004a       0x2d ./Core/Src/PID.o
 .ARM.attributes
                0x0000000000000077       0x2d ./Core/Src/gpio.o
 .ARM.attributes
                0x00000000000000a4       0x2d ./Core/Src/main.o
 .ARM.attributes
                0x00000000000000d1       0x2d ./Core/Src/stm32f1xx_hal_msp.o
 .ARM.attributes
                0x00000000000000fe       0x2d ./Core/Src/stm32f1xx_it.o
 .ARM.attributes
                0x000000000000012b       0x2d ./Core/Src/system_stm32f1xx.o
 .ARM.attributes
                0x0000000000000158       0x2d ./Core/Src/tim.o
 .ARM.attributes
                0x0000000000000185       0x21 ./Core/Startup/startup_stm32f103c6tx.o
 .ARM.attributes
                0x00000000000001a6       0x2d ./Drivers/STM32F1xx_HAL_Driver/Src/stm32f1xx_hal.o
 .ARM.attributes
                0x00000000000001d3       0x2d ./Drivers/STM32F1xx_HAL_Driver/Src/stm32f1xx_hal_cortex.o
 .ARM.attributes
                0x0000000000000200       0x2d ./Drivers/STM32F1xx_HAL_Driver/Src/stm32f1xx_hal_gpio.o
 .ARM.attributes
                0x000000000000022d       0x2d ./Drivers/STM32F1xx_HAL_Driver/Src/stm32f1xx_hal_rcc.o
 .ARM.attributes
                0x000000000000025a       0x2d ./Drivers/STM32F1xx_HAL_Driver/Src/stm32f1xx_hal_tim.o
 .ARM.attributes
                0x0000000000000287       0x2d ./Drivers/STM32F1xx_HAL_Driver/Src/stm32f1xx_hal_tim_ex.o
 .ARM.attributes
                0x00000000000002b4       0x2d /opt/st/stm32cubeide_1.13.2/plugins/com.st.stm32cube.ide.mcu.externaltools.gnu-tools-for-stm32.11.3.rel1.linux64_1.1.1.202309131626/tools/bin/../lib/gcc/arm-none-eabi/11.3.1/../../../../arm-none-eabi/lib/thumb/v7-m/nofp/libc_nano.a(libc_a-memset.o)
 .ARM.attributes
                0x00000000000002e1       0x2d /opt/st/stm32cubeide_1.13.2/plugins/com.st.stm32cube.ide.mcu.externaltools.gnu-tools-for-stm32.11.3.rel1.linux64_1.1.1.202309131626/tools/bin/../lib/gcc/arm-none-eabi/11.3.1/../../../../arm-none-eabi/lib/thumb/v7-m/nofp/libc_nano.a(libc_a-init.o)
 .ARM.attributes
                0x000000000000030e       0x1d /opt/st/stm32cubeide_1.13.2/plugins/com.st.stm32cube.ide.mcu.externaltools.gnu-tools-for-stm32.11.3.rel1.linux64_1.1.1.202309131626/tools/bin/../lib/gcc/arm-none-eabi/11.3.1/thumb/v7-m/nofp/libgcc.a(_arm_muldf3.o)
 .ARM.attributes
                0x000000000000032b       0x1d /opt/st/stm32cubeide_1.13.2/plugins/com.st.stm32cube.ide.mcu.externaltools.gnu-tools-for-stm32.11.3.rel1.linux64_1.1.1.202309131626/tools/bin/../lib/gcc/arm-none-eabi/11.3.1/thumb/v7-m/nofp/libgcc.a(_arm_addsubdf3.o)
 .ARM.attributes
                0x0000000000000348       0x1d /opt/st/stm32cubeide_1.13.2/plugins/com.st.stm32cube.ide.mcu.externaltools.gnu-tools-for-stm32.11.3.rel1.linux64_1.1.1.202309131626/tools/bin/../lib/gcc/arm-none-eabi/11.3.1/thumb/v7-m/nofp/libgcc.a(_arm_truncdfsf2.o)
 .ARM.attributes
                0x0000000000000365       0x1d /opt/st/stm32cubeide_1.13.2/plugins/com.st.stm32cube.ide.mcu.externaltools.gnu-tools-for-stm32.11.3.rel1.linux64_1.1.1.202309131626/tools/bin/../lib/gcc/arm-none-eabi/11.3.1/thumb/v7-m/nofp/libgcc.a(_arm_addsubsf3.o)
 .ARM.attributes
                0x0000000000000382       0x1d /opt/st/stm32cubeide_1.13.2/plugins/com.st.stm32cube.ide.mcu.externaltools.gnu-tools-for-stm32.11.3.rel1.linux64_1.1.1.202309131626/tools/bin/../lib/gcc/arm-none-eabi/11.3.1/thumb/v7-m/nofp/libgcc.a(_arm_muldivsf3.o)
 .ARM.attributes
                0x000000000000039f       0x1d /opt/st/stm32cubeide_1.13.2/plugins/com.st.stm32cube.ide.mcu.externaltools.gnu-tools-for-stm32.11.3.rel1.linux64_1.1.1.202309131626/tools/bin/../lib/gcc/arm-none-eabi/11.3.1/thumb/v7-m/nofp/libgcc.a(_arm_cmpsf2.o)
 .ARM.attributes
                0x00000000000003bc       0x1d /opt/st/stm32cubeide_1.13.2/plugins/com.st.stm32cube.ide.mcu.externaltools.gnu-tools-for-stm32.11.3.rel1.linux64_1.1.1.202309131626/tools/bin/../lib/gcc/arm-none-eabi/11.3.1/thumb/v7-m/nofp/libgcc.a(_arm_fixunssfsi.o)
 .ARM.attributes
                0x00000000000003d9       0x1d /opt/st/stm32cubeide_1.13.2/plugins/com.st.stm32cube.ide.mcu.externaltools.gnu-tools-for-stm32.11.3.rel1.linux64_1.1.1.202309131626/tools/bin/../lib/gcc/arm-none-eabi/11.3.1/thumb/v7-m/nofp/crtn.o
OUTPUT(F103c6_PID_ENCODER_MODE.elf elf32-littlearm)
LOAD linker stubs
LOAD /opt/st/stm32cubeide_1.13.2/plugins/com.st.stm32cube.ide.mcu.externaltools.gnu-tools-for-stm32.11.3.rel1.linux64_1.1.1.202309131626/tools/bin/../lib/gcc/arm-none-eabi/11.3.1/../../../../arm-none-eabi/lib/thumb/v7-m/nofp/libc.a
LOAD /opt/st/stm32cubeide_1.13.2/plugins/com.st.stm32cube.ide.mcu.externaltools.gnu-tools-for-stm32.11.3.rel1.linux64_1.1.1.202309131626/tools/bin/../lib/gcc/arm-none-eabi/11.3.1/../../../../arm-none-eabi/lib/thumb/v7-m/nofp/libm.a
LOAD /opt/st/stm32cubeide_1.13.2/plugins/com.st.stm32cube.ide.mcu.externaltools.gnu-tools-for-stm32.11.3.rel1.linux64_1.1.1.202309131626/tools/bin/../lib/gcc/arm-none-eabi/11.3.1/thumb/v7-m/nofp/libgcc.a

.comment        0x0000000000000000       0x43
 .comment       0x0000000000000000       0x43 /opt/st/stm32cubeide_1.13.2/plugins/com.st.stm32cube.ide.mcu.externaltools.gnu-tools-for-stm32.11.3.rel1.linux64_1.1.1.202309131626/tools/bin/../lib/gcc/arm-none-eabi/11.3.1/thumb/v7-m/nofp/crtbegin.o
                                         0x44 (size before relaxing)
 .comment       0x0000000000000043       0x44 ./Core/Src/PID.o
 .comment       0x0000000000000043       0x44 ./Core/Src/gpio.o
 .comment       0x0000000000000043       0x44 ./Core/Src/main.o
 .comment       0x0000000000000043       0x44 ./Core/Src/stm32f1xx_hal_msp.o
 .comment       0x0000000000000043       0x44 ./Core/Src/stm32f1xx_it.o
 .comment       0x0000000000000043       0x44 ./Core/Src/system_stm32f1xx.o
 .comment       0x0000000000000043       0x44 ./Core/Src/tim.o
 .comment       0x0000000000000043       0x44 ./Drivers/STM32F1xx_HAL_Driver/Src/stm32f1xx_hal.o
 .comment       0x0000000000000043       0x44 ./Drivers/STM32F1xx_HAL_Driver/Src/stm32f1xx_hal_cortex.o
 .comment       0x0000000000000043       0x44 ./Drivers/STM32F1xx_HAL_Driver/Src/stm32f1xx_hal_gpio.o
 .comment       0x0000000000000043       0x44 ./Drivers/STM32F1xx_HAL_Driver/Src/stm32f1xx_hal_rcc.o
 .comment       0x0000000000000043       0x44 ./Drivers/STM32F1xx_HAL_Driver/Src/stm32f1xx_hal_tim.o
 .comment       0x0000000000000043       0x44 ./Drivers/STM32F1xx_HAL_Driver/Src/stm32f1xx_hal_tim_ex.o

.debug_info     0x0000000000000000     0x83e7
 .debug_info    0x0000000000000000      0x1bb ./Core/Src/PID.o
 .debug_info    0x00000000000001bb      0x169 ./Core/Src/gpio.o
 .debug_info    0x0000000000000324      0xb87 ./Core/Src/main.o
 .debug_info    0x0000000000000eab      0x1f1 ./Core/Src/stm32f1xx_hal_msp.o
 .debug_info    0x000000000000109c      0x6a1 ./Core/Src/stm32f1xx_it.o
 .debug_info    0x000000000000173d      0x222 ./Core/Src/system_stm32f1xx.o
 .debug_info    0x000000000000195f      0xdc0 ./Core/Src/tim.o
 .debug_info    0x000000000000271f       0x23 ./Core/Startup/startup_stm32f103c6tx.o
 .debug_info    0x0000000000002742      0x6e6 ./Drivers/STM32F1xx_HAL_Driver/Src/stm32f1xx_hal.o
 .debug_info    0x0000000000002e28      0xa69 ./Drivers/STM32F1xx_HAL_Driver/Src/stm32f1xx_hal_cortex.o
 .debug_info    0x0000000000003891      0x5ab ./Drivers/STM32F1xx_HAL_Driver/Src/stm32f1xx_hal_gpio.o
 .debug_info    0x0000000000003e3c      0x7d5 ./Drivers/STM32F1xx_HAL_Driver/Src/stm32f1xx_hal_rcc.o
 .debug_info    0x0000000000004611     0x293b ./Drivers/STM32F1xx_HAL_Driver/Src/stm32f1xx_hal_tim.o
 .debug_info    0x0000000000006f4c     0x149b ./Drivers/STM32F1xx_HAL_Driver/Src/stm32f1xx_hal_tim_ex.o

.debug_abbrev   0x0000000000000000     0x1996
 .debug_abbrev  0x0000000000000000      0x112 ./Core/Src/PID.o
 .debug_abbrev  0x0000000000000112       0xc6 ./Core/Src/gpio.o
 .debug_abbrev  0x00000000000001d8      0x2ea ./Core/Src/main.o
 .debug_abbrev  0x00000000000004c2       0xdb ./Core/Src/stm32f1xx_hal_msp.o
 .debug_abbrev  0x000000000000059d      0x191 ./Core/Src/stm32f1xx_it.o
 .debug_abbrev  0x000000000000072e      0x13f ./Core/Src/system_stm32f1xx.o
 .debug_abbrev  0x000000000000086d      0x2a8 ./Core/Src/tim.o
 .debug_abbrev  0x0000000000000b15       0x12 ./Core/Startup/startup_stm32f103c6tx.o
 .debug_abbrev  0x0000000000000b27      0x201 ./Drivers/STM32F1xx_HAL_Driver/Src/stm32f1xx_hal.o
 .debug_abbrev  0x0000000000000d28      0x2f8 ./Drivers/STM32F1xx_HAL_Driver/Src/stm32f1xx_hal_cortex.o
 .debug_abbrev  0x0000000000001020      0x1ca ./Drivers/STM32F1xx_HAL_Driver/Src/stm32f1xx_hal_gpio.o
 .debug_abbrev  0x00000000000011ea      0x2b3 ./Drivers/STM32F1xx_HAL_Driver/Src/stm32f1xx_hal_rcc.o
 .debug_abbrev  0x000000000000149d      0x277 ./Drivers/STM32F1xx_HAL_Driver/Src/stm32f1xx_hal_tim.o
 .debug_abbrev  0x0000000000001714      0x282 ./Drivers/STM32F1xx_HAL_Driver/Src/stm32f1xx_hal_tim_ex.o

.debug_aranges  0x0000000000000000      0x9d0
 .debug_aranges
                0x0000000000000000       0x28 ./Core/Src/PID.o
 .debug_aranges
                0x0000000000000028       0x20 ./Core/Src/gpio.o
 .debug_aranges
                0x0000000000000048       0x48 ./Core/Src/main.o
 .debug_aranges
                0x0000000000000090       0x20 ./Core/Src/stm32f1xx_hal_msp.o
 .debug_aranges
                0x00000000000000b0       0x68 ./Core/Src/stm32f1xx_it.o
 .debug_aranges
                0x0000000000000118       0x28 ./Core/Src/system_stm32f1xx.o
 .debug_aranges
                0x0000000000000140       0x68 ./Core/Src/tim.o
 .debug_aranges
                0x00000000000001a8       0x28 ./Core/Startup/startup_stm32f103c6tx.o
 .debug_aranges
                0x00000000000001d0       0xe0 ./Drivers/STM32F1xx_HAL_Driver/Src/stm32f1xx_hal.o
 .debug_aranges
                0x00000000000002b0      0x100 ./Drivers/STM32F1xx_HAL_Driver/Src/stm32f1xx_hal_cortex.o
 .debug_aranges
                0x00000000000003b0       0x58 ./Drivers/STM32F1xx_HAL_Driver/Src/stm32f1xx_hal_gpio.o
 .debug_aranges
                0x0000000000000408       0x90 ./Drivers/STM32F1xx_HAL_Driver/Src/stm32f1xx_hal_rcc.o
 .debug_aranges
                0x0000000000000498      0x3d0 ./Drivers/STM32F1xx_HAL_Driver/Src/stm32f1xx_hal_tim.o
 .debug_aranges
                0x0000000000000868      0x168 ./Drivers/STM32F1xx_HAL_Driver/Src/stm32f1xx_hal_tim_ex.o

.debug_rnglists
                0x0000000000000000      0x786
 .debug_rnglists
                0x0000000000000000       0x1a ./Core/Src/PID.o
 .debug_rnglists
                0x000000000000001a       0x13 ./Core/Src/gpio.o
 .debug_rnglists
                0x000000000000002d       0x35 ./Core/Src/main.o
 .debug_rnglists
                0x0000000000000062       0x13 ./Core/Src/stm32f1xx_hal_msp.o
 .debug_rnglists
                0x0000000000000075       0x49 ./Core/Src/stm32f1xx_it.o
 .debug_rnglists
                0x00000000000000be       0x1a ./Core/Src/system_stm32f1xx.o
 .debug_rnglists
                0x00000000000000d8       0x4d ./Core/Src/tim.o
 .debug_rnglists
                0x0000000000000125       0x19 ./Core/Startup/startup_stm32f103c6tx.o
 .debug_rnglists
                0x000000000000013e       0xa3 ./Drivers/STM32F1xx_HAL_Driver/Src/stm32f1xx_hal.o
 .debug_rnglists
                0x00000000000001e1       0xbb ./Drivers/STM32F1xx_HAL_Driver/Src/stm32f1xx_hal_cortex.o
 .debug_rnglists
                0x000000000000029c       0x3f ./Drivers/STM32F1xx_HAL_Driver/Src/stm32f1xx_hal_gpio.o
 .debug_rnglists
                0x00000000000002db       0x6c ./Drivers/STM32F1xx_HAL_Driver/Src/stm32f1xx_hal_rcc.o
 .debug_rnglists
                0x0000000000000347      0x31a ./Drivers/STM32F1xx_HAL_Driver/Src/stm32f1xx_hal_tim.o
 .debug_rnglists
                0x0000000000000661      0x125 ./Drivers/STM32F1xx_HAL_Driver/Src/stm32f1xx_hal_tim_ex.o

.debug_macro    0x0000000000000000    0x16e66
 .debug_macro   0x0000000000000000       0x1b ./Core/Src/PID.o
 .debug_macro   0x000000000000001b      0xa9c ./Core/Src/PID.o
 .debug_macro   0x0000000000000ab7      0x1ab ./Core/Src/gpio.o
 .debug_macro   0x0000000000000c62      0x215 ./Core/Src/gpio.o
 .debug_macro   0x0000000000000e77       0x2e ./Core/Src/gpio.o
 .debug_macro   0x0000000000000ea5       0x22 ./Core/Src/gpio.o
 .debug_macro   0x0000000000000ec7       0x22 ./Core/Src/gpio.o
 .debug_macro   0x0000000000000ee9       0x8e ./Core/Src/gpio.o
 .debug_macro   0x0000000000000f77       0x51 ./Core/Src/gpio.o
 .debug_macro   0x0000000000000fc8      0x103 ./Core/Src/gpio.o
 .debug_macro   0x00000000000010cb       0x6a ./Core/Src/gpio.o
 .debug_macro   0x0000000000001135      0x1df ./Core/Src/gpio.o
 .debug_macro   0x0000000000001314       0x1c ./Core/Src/gpio.o
 .debug_macro   0x0000000000001330       0x22 ./Core/Src/gpio.o
 .debug_macro   0x0000000000001352       0xbd ./Core/Src/gpio.o
 .debug_macro   0x000000000000140f      0xd23 ./Core/Src/gpio.o
 .debug_macro   0x0000000000002132     0xde75 ./Core/Src/gpio.o
 .debug_macro   0x000000000000ffa7       0x6d ./Core/Src/gpio.o
 .debug_macro   0x0000000000010014     0x348d ./Core/Src/gpio.o
 .debug_macro   0x00000000000134a1      0x174 ./Core/Src/gpio.o
 .debug_macro   0x0000000000013615       0x5c ./Core/Src/gpio.o
 .debug_macro   0x0000000000013671      0x5bc ./Core/Src/gpio.o
 .debug_macro   0x0000000000013c2d      0x1b7 ./Core/Src/gpio.o
 .debug_macro   0x0000000000013de4      0x1cb ./Core/Src/gpio.o
 .debug_macro   0x0000000000013faf      0x114 ./Core/Src/gpio.o
 .debug_macro   0x00000000000140c3      0x1b2 ./Core/Src/gpio.o
 .debug_macro   0x0000000000014275       0x27 ./Core/Src/gpio.o
 .debug_macro   0x000000000001429c      0x12f ./Core/Src/gpio.o
 .debug_macro   0x00000000000143cb      0x1bc ./Core/Src/gpio.o
 .debug_macro   0x0000000000014587       0x34 ./Core/Src/gpio.o
 .debug_macro   0x00000000000145bb       0x3c ./Core/Src/gpio.o
 .debug_macro   0x00000000000145f7       0x57 ./Core/Src/gpio.o
 .debug_macro   0x000000000001464e       0x87 ./Core/Src/gpio.o
 .debug_macro   0x00000000000146d5      0x183 ./Core/Src/gpio.o
 .debug_macro   0x0000000000014858      0x140 ./Core/Src/gpio.o
 .debug_macro   0x0000000000014998      0x8ed ./Core/Src/gpio.o
 .debug_macro   0x0000000000015285       0x69 ./Core/Src/gpio.o
 .debug_macro   0x00000000000152ee      0x2b9 ./Core/Src/main.o
 .debug_macro   0x00000000000155a7       0x24 ./Core/Src/main.o
 .debug_macro   0x00000000000155cb       0x61 ./Core/Src/main.o
 .debug_macro   0x000000000001562c       0x43 ./Core/Src/main.o
 .debug_macro   0x000000000001566f       0x34 ./Core/Src/main.o
 .debug_macro   0x00000000000156a3       0x16 ./Core/Src/main.o
 .debug_macro   0x00000000000156b9       0x35 ./Core/Src/main.o
 .debug_macro   0x00000000000156ee       0x16 ./Core/Src/main.o
 .debug_macro   0x0000000000015704       0x43 ./Core/Src/main.o
 .debug_macro   0x0000000000015747       0x34 ./Core/Src/main.o
 .debug_macro   0x000000000001577b       0x10 ./Core/Src/main.o
 .debug_macro   0x000000000001578b       0x58 ./Core/Src/main.o
 .debug_macro   0x00000000000157e3       0x8e ./Core/Src/main.o
 .debug_macro   0x0000000000015871       0x1c ./Core/Src/main.o
 .debug_macro   0x000000000001588d      0x177 ./Core/Src/main.o
 .debug_macro   0x0000000000015a04      0x369 ./Core/Src/main.o
 .debug_macro   0x0000000000015d6d       0x16 ./Core/Src/main.o
 .debug_macro   0x0000000000015d83       0x29 ./Core/Src/main.o
 .debug_macro   0x0000000000015dac      0x1a1 ./Core/Src/stm32f1xx_hal_msp.o
 .debug_macro   0x0000000000015f4d      0x1ab ./Core/Src/stm32f1xx_it.o
 .debug_macro   0x00000000000160f8      0x197 ./Core/Src/system_stm32f1xx.o
 .debug_macro   0x000000000001628f      0x1ab ./Core/Src/tim.o
 .debug_macro   0x000000000001643a      0x1bb ./Drivers/STM32F1xx_HAL_Driver/Src/stm32f1xx_hal.o
 .debug_macro   0x00000000000165f5      0x197 ./Drivers/STM32F1xx_HAL_Driver/Src/stm32f1xx_hal_cortex.o
 .debug_macro   0x000000000001678c      0x202 ./Drivers/STM32F1xx_HAL_Driver/Src/stm32f1xx_hal_gpio.o
 .debug_macro   0x000000000001698e      0x1a9 ./Drivers/STM32F1xx_HAL_Driver/Src/stm32f1xx_hal_rcc.o
 .debug_macro   0x0000000000016b37      0x198 ./Drivers/STM32F1xx_HAL_Driver/Src/stm32f1xx_hal_tim.o
 .debug_macro   0x0000000000016ccf      0x197 ./Drivers/STM32F1xx_HAL_Driver/Src/stm32f1xx_hal_tim_ex.o

.debug_line     0x0000000000000000     0xa24e
 .debug_line    0x0000000000000000      0x155 ./Core/Src/PID.o
 .debug_line    0x0000000000000155      0x626 ./Core/Src/gpio.o
 .debug_line    0x000000000000077b      0x941 ./Core/Src/main.o
 .debug_line    0x00000000000010bc      0x62b ./Core/Src/stm32f1xx_hal_msp.o
 .debug_line    0x00000000000016e7      0x704 ./Core/Src/stm32f1xx_it.o
 .debug_line    0x0000000000001deb      0x6a8 ./Core/Src/system_stm32f1xx.o
 .debug_line    0x0000000000002493      0x7fe ./Core/Src/tim.o
 .debug_line    0x0000000000002c91       0x78 ./Core/Startup/startup_stm32f103c6tx.o
 .debug_line    0x0000000000002d09      0x8d5 ./Drivers/STM32F1xx_HAL_Driver/Src/stm32f1xx_hal.o
 .debug_line    0x00000000000035de      0xabd ./Drivers/STM32F1xx_HAL_Driver/Src/stm32f1xx_hal_cortex.o
 .debug_line    0x000000000000409b      0x959 ./Drivers/STM32F1xx_HAL_Driver/Src/stm32f1xx_hal_gpio.o
 .debug_line    0x00000000000049f4      0xcde ./Drivers/STM32F1xx_HAL_Driver/Src/stm32f1xx_hal_rcc.o
 .debug_line    0x00000000000056d2     0x3378 ./Drivers/STM32F1xx_HAL_Driver/Src/stm32f1xx_hal_tim.o
 .debug_line    0x0000000000008a4a     0x1804 ./Drivers/STM32F1xx_HAL_Driver/Src/stm32f1xx_hal_tim_ex.o

.debug_str      0x0000000000000000    0x8506d
 .debug_str     0x0000000000000000     0x2e36 ./Core/Src/PID.o
                                       0x2e49 (size before relaxing)
 .debug_str     0x0000000000002e36    0x7c547 ./Core/Src/gpio.o
                                      0x7f5eb (size before relaxing)
 .debug_str     0x000000000007f37d     0x38fb ./Core/Src/main.o
                                      0x82fe5 (size before relaxing)
 .debug_str     0x0000000000082c78       0x5a ./Core/Src/stm32f1xx_hal_msp.o
                                      0x7f619 (size before relaxing)
 .debug_str     0x0000000000082cd2       0xec ./Core/Src/stm32f1xx_it.o
                                      0x7fb1f (size before relaxing)
 .debug_str     0x0000000000082dbe       0x7e ./Core/Src/system_stm32f1xx.o
                                      0x7f644 (size before relaxing)
 .debug_str     0x0000000000082e3c      0x5d8 ./Core/Src/tim.o
                                      0x80166 (size before relaxing)
 .debug_str     0x0000000000083414       0x34 ./Core/Startup/startup_stm32f103c6tx.o
                                         0x7a (size before relaxing)
 .debug_str     0x0000000000083448      0x38e ./Drivers/STM32F1xx_HAL_Driver/Src/stm32f1xx_hal.o
                                      0x7fd3d (size before relaxing)
 .debug_str     0x00000000000837d6      0x294 ./Drivers/STM32F1xx_HAL_Driver/Src/stm32f1xx_hal_cortex.o
                                      0x7fc89 (size before relaxing)
 .debug_str     0x0000000000083a6a      0x322 ./Drivers/STM32F1xx_HAL_Driver/Src/stm32f1xx_hal_gpio.o
                                      0x7f9ca (size before relaxing)
 .debug_str     0x0000000000083d8c      0x229 ./Drivers/STM32F1xx_HAL_Driver/Src/stm32f1xx_hal_rcc.o
                                      0x7fa73 (size before relaxing)
 .debug_str     0x0000000000083fb5      0xc25 ./Drivers/STM32F1xx_HAL_Driver/Src/stm32f1xx_hal_tim.o
                                      0x80a65 (size before relaxing)
 .debug_str     0x0000000000084bda      0x493 ./Drivers/STM32F1xx_HAL_Driver/Src/stm32f1xx_hal_tim_ex.o
                                      0x80281 (size before relaxing)

.debug_frame    0x0000000000000000     0x2a18
 .debug_frame   0x0000000000000000       0x64 ./Core/Src/PID.o
 .debug_frame   0x0000000000000064       0x38 ./Core/Src/gpio.o
 .debug_frame   0x000000000000009c       0xe0 ./Core/Src/main.o
 .debug_frame   0x000000000000017c       0x38 ./Core/Src/stm32f1xx_hal_msp.o
 .debug_frame   0x00000000000001b4      0x120 ./Core/Src/stm32f1xx_it.o
 .debug_frame   0x00000000000002d4       0x58 ./Core/Src/system_stm32f1xx.o
 .debug_frame   0x000000000000032c      0x180 ./Core/Src/tim.o
 .debug_frame   0x00000000000004ac      0x334 ./Drivers/STM32F1xx_HAL_Driver/Src/stm32f1xx_hal.o
 .debug_frame   0x00000000000007e0      0x428 ./Drivers/STM32F1xx_HAL_Driver/Src/stm32f1xx_hal_cortex.o
 .debug_frame   0x0000000000000c08      0x14c ./Drivers/STM32F1xx_HAL_Driver/Src/stm32f1xx_hal_gpio.o
 .debug_frame   0x0000000000000d54      0x218 ./Drivers/STM32F1xx_HAL_Driver/Src/stm32f1xx_hal_rcc.o
 .debug_frame   0x0000000000000f6c     0x11b8 ./Drivers/STM32F1xx_HAL_Driver/Src/stm32f1xx_hal_tim.o
 .debug_frame   0x0000000000002124      0x638 ./Drivers/STM32F1xx_HAL_Driver/Src/stm32f1xx_hal_tim_ex.o
 .debug_frame   0x000000000000275c       0x20 /opt/st/stm32cubeide_1.13.2/plugins/com.st.stm32cube.ide.mcu.externaltools.gnu-tools-for-stm32.11.3.rel1.linux64_1.1.1.202309131626/tools/bin/../lib/gcc/arm-none-eabi/11.3.1/../../../../arm-none-eabi/lib/thumb/v7-m/nofp/libc_nano.a(libc_a-memset.o)
 .debug_frame   0x000000000000277c       0x2c /opt/st/stm32cubeide_1.13.2/plugins/com.st.stm32cube.ide.mcu.externaltools.gnu-tools-for-stm32.11.3.rel1.linux64_1.1.1.202309131626/tools/bin/../lib/gcc/arm-none-eabi/11.3.1/../../../../arm-none-eabi/lib/thumb/v7-m/nofp/libc_nano.a(libc_a-init.o)
 .debug_frame   0x00000000000027a8       0x30 /opt/st/stm32cubeide_1.13.2/plugins/com.st.stm32cube.ide.mcu.externaltools.gnu-tools-for-stm32.11.3.rel1.linux64_1.1.1.202309131626/tools/bin/../lib/gcc/arm-none-eabi/11.3.1/thumb/v7-m/nofp/libgcc.a(_arm_muldf3.o)
 .debug_frame   0x00000000000027d8       0xac /opt/st/stm32cubeide_1.13.2/plugins/com.st.stm32cube.ide.mcu.externaltools.gnu-tools-for-stm32.11.3.rel1.linux64_1.1.1.202309131626/tools/bin/../lib/gcc/arm-none-eabi/11.3.1/thumb/v7-m/nofp/libgcc.a(_arm_addsubdf3.o)
 .debug_frame   0x0000000000002884       0x24 /opt/st/stm32cubeide_1.13.2/plugins/com.st.stm32cube.ide.mcu.externaltools.gnu-tools-for-stm32.11.3.rel1.linux64_1.1.1.202309131626/tools/bin/../lib/gcc/arm-none-eabi/11.3.1/thumb/v7-m/nofp/libgcc.a(_arm_truncdfsf2.o)
 .debug_frame   0x00000000000028a8       0x4c /opt/st/stm32cubeide_1.13.2/plugins/com.st.stm32cube.ide.mcu.externaltools.gnu-tools-for-stm32.11.3.rel1.linux64_1.1.1.202309131626/tools/bin/../lib/gcc/arm-none-eabi/11.3.1/thumb/v7-m/nofp/libgcc.a(_arm_addsubsf3.o)
 .debug_frame   0x00000000000028f4       0x38 /opt/st/stm32cubeide_1.13.2/plugins/com.st.stm32cube.ide.mcu.externaltools.gnu-tools-for-stm32.11.3.rel1.linux64_1.1.1.202309131626/tools/bin/../lib/gcc/arm-none-eabi/11.3.1/thumb/v7-m/nofp/libgcc.a(_arm_muldivsf3.o)
 .debug_frame   0x000000000000292c       0xc8 /opt/st/stm32cubeide_1.13.2/plugins/com.st.stm32cube.ide.mcu.externaltools.gnu-tools-for-stm32.11.3.rel1.linux64_1.1.1.202309131626/tools/bin/../lib/gcc/arm-none-eabi/11.3.1/thumb/v7-m/nofp/libgcc.a(_arm_cmpsf2.o)
 .debug_frame   0x00000000000029f4       0x24 /opt/st/stm32cubeide_1.13.2/plugins/com.st.stm32cube.ide.mcu.externaltools.gnu-tools-for-stm32.11.3.rel1.linux64_1.1.1.202309131626/tools/bin/../lib/gcc/arm-none-eabi/11.3.1/thumb/v7-m/nofp/libgcc.a(_arm_fixunssfsi.o)

.debug_line_str
                0x0000000000000000       0x6e
 .debug_line_str
                0x0000000000000000       0x6e ./Core/Startup/startup_stm32f103c6tx.o
                                         0x86 (size before relaxing)
